// Jest Snapshot v1, https://goo.gl/fbAQLP

exports[`getPopperDimensions should match snapshot 1`] = `
[
  0,
  0,
]
`;
