// Jest Snapshot v1, https://goo.gl/fbAQLP

exports[`StyledBannerContent should render correctly 1`] = `
.c0 {
  display: -webkit-box;
  display: -webkit-flex;
  display: -ms-flexbox;
  display: flex;
  -webkit-flex-direction: column;
  -ms-flex-direction: column;
  flex-direction: column;
  width: 100%;
}

<div
  className="c0"
>
  <div>
    Banner Child
  </div>
</div>
`;
