// Jest Snapshot v1, https://goo.gl/fbAQLP

exports[`getTargetCoordinates should match snapshot 1`] = `
{
  "bottom": 0,
  "left": 0,
  "right": 0,
  "top": 0,
}
`;

exports[`getTargetCoordinates should match snapshot when 'portalRef' is defined 1`] = `
{
  "bottom": 0,
  "left": 0,
  "right": 0,
  "top": 0,
}
`;
