// Jest Snapshot v1, https://goo.gl/fbAQLP

exports[`FunnelReport should match the snapshot 1`] = `
<svg
  className="bcl-funnel-report Bedfordshire"
  fill="none"
  height="24"
  id="generate"
  viewBox="0 0 24 24"
  width="24"
  xmlns="http://www.w3.org/2000/svg"
>
  <g
    clipPath="url(#clip0)"
  >
    <rect
      fill="white"
      height="19"
      stroke="black"
      strokeLinejoin="round"
      width="22.8"
      x="0.599976"
      y="2.49976"
    />
    <rect
      fill="#B5EDFF"
      height="6.65"
      stroke="black"
      strokeLinejoin="round"
      width="7.6"
      x="0.599976"
      y="2.49976"
    />
    <rect
      fill="#B5EDFF"
      height="5.7"
      stroke="black"
      strokeLinejoin="round"
      width="7.6"
      x="0.599976"
      y="9.1499"
    />
    <rect
      fill="#B5EDFF"
      height="6.65"
      stroke="black"
      strokeLinejoin="round"
      width="7.6"
      x="0.599976"
      y="14.8501"
    />
    <rect
      fill="#B5EDFF"
      height="6.65"
      stroke="black"
      strokeLinejoin="round"
      width="7.6"
      x="8.20001"
      y="2.49976"
    />
    <rect
      fill="white"
      height="5.7"
      stroke="black"
      strokeLinejoin="round"
      width="7.6"
      x="8.20001"
      y="9.1499"
    />
    <rect
      fill="white"
      height="6.65"
      stroke="black"
      strokeLinejoin="round"
      width="7.6"
      x="8.20001"
      y="14.8501"
    />
    <rect
      fill="#B5EDFF"
      height="6.65"
      stroke="black"
      strokeLinejoin="round"
      width="7.6"
      x="15.8"
      y="2.49976"
    />
    <rect
      fill="white"
      height="5.7"
      stroke="black"
      strokeLinejoin="round"
      width="7.6"
      x="15.8"
      y="9.1499"
    />
  </g>
  <defs>
    <clipPath
      id="clip0"
    >
      <rect
        fill="white"
        height="24"
        width="24"
      />
    </clipPath>
  </defs>
</svg>
`;
